mode: set
gws-cache/cmd/gws-cache/main.go:21.34,23.3 1 0
gws-cache/cmd/gws-cache/main.go:26.34,46.2 5 1
gws-cache/cmd/gws-cache/main.go:48.33,49.18 1 1
gws-cache/cmd/gws-cache/main.go:49.18,51.3 1 1
gws-cache/cmd/gws-cache/main.go:52.2,52.27 1 1
gws-cache/cmd/gws-cache/main.go:55.35,66.55 3 1
gws-cache/cmd/gws-cache/main.go:66.55,68.18 2 1
gws-cache/cmd/gws-cache/main.go:68.18,70.5 1 0
gws-cache/cmd/gws-cache/main.go:71.4,76.18 5 1
gws-cache/cmd/gws-cache/main.go:76.18,78.5 1 1
gws-cache/cmd/gws-cache/main.go:80.4,81.14 2 1
gws-cache/cmd/gws-cache/main.go:84.2,90.55 3 1
gws-cache/cmd/gws-cache/main.go:90.55,92.18 2 1
gws-cache/cmd/gws-cache/main.go:92.18,94.5 1 0
gws-cache/cmd/gws-cache/main.go:95.4,99.18 4 1
gws-cache/cmd/gws-cache/main.go:99.18,101.5 1 0
gws-cache/cmd/gws-cache/main.go:103.4,103.24 1 1
gws-cache/cmd/gws-cache/main.go:103.24,106.5 2 1
gws-cache/cmd/gws-cache/main.go:108.4,109.29 2 1
gws-cache/cmd/gws-cache/main.go:109.29,111.30 2 1
gws-cache/cmd/gws-cache/main.go:111.30,113.6 1 0
gws-cache/cmd/gws-cache/main.go:114.5,114.114 1 1
gws-cache/cmd/gws-cache/main.go:116.4,116.14 1 1
gws-cache/cmd/gws-cache/main.go:120.2,124.55 1 1
gws-cache/cmd/gws-cache/main.go:124.55,126.18 2 1
gws-cache/cmd/gws-cache/main.go:126.18,128.5 1 0
gws-cache/cmd/gws-cache/main.go:129.4,132.51 3 1
gws-cache/cmd/gws-cache/main.go:132.51,134.5 1 1
gws-cache/cmd/gws-cache/main.go:135.4,136.14 2 1
gws-cache/cmd/gws-cache/main.go:140.2,141.17 2 1
gws-cache/cmd/gws-cache/main.go:144.34,153.55 5 1
gws-cache/cmd/gws-cache/main.go:153.55,155.18 2 1
gws-cache/cmd/gws-cache/main.go:155.18,157.5 1 0
gws-cache/cmd/gws-cache/main.go:158.4,162.52 4 1
gws-cache/cmd/gws-cache/main.go:162.52,164.5 1 1
gws-cache/cmd/gws-cache/main.go:166.4,172.33 2 1
gws-cache/cmd/gws-cache/main.go:172.33,175.19 3 1
gws-cache/cmd/gws-cache/main.go:175.19,177.6 1 0
gws-cache/cmd/gws-cache/main.go:178.5,178.31 1 1
gws-cache/cmd/gws-cache/main.go:178.31,179.23 1 1
gws-cache/cmd/gws-cache/main.go:179.23,181.7 1 0
gws-cache/cmd/gws-cache/main.go:181.12,183.7 1 1
gws-cache/cmd/gws-cache/main.go:185.5,185.15 1 1
gws-cache/cmd/gws-cache/main.go:188.4,190.18 3 1
gws-cache/cmd/gws-cache/main.go:190.18,192.5 1 0
gws-cache/cmd/gws-cache/main.go:193.4,194.14 2 1
gws-cache/cmd/gws-cache/main.go:198.2,202.12 5 1
gws-cache/cmd/gws-cache/main.go:205.38,217.55 4 1
gws-cache/cmd/gws-cache/main.go:217.55,219.18 2 1
gws-cache/cmd/gws-cache/main.go:219.18,221.5 1 0
gws-cache/cmd/gws-cache/main.go:222.4,226.52 4 1
gws-cache/cmd/gws-cache/main.go:226.52,228.5 1 1
gws-cache/cmd/gws-cache/main.go:230.4,236.18 2 1
gws-cache/cmd/gws-cache/main.go:236.18,238.5 1 0
gws-cache/cmd/gws-cache/main.go:240.4,241.14 2 1
gws-cache/cmd/gws-cache/main.go:245.2,257.55 7 1
gws-cache/cmd/gws-cache/main.go:257.55,259.18 2 1
gws-cache/cmd/gws-cache/main.go:259.18,261.5 1 0
gws-cache/cmd/gws-cache/main.go:262.4,265.21 3 1
gws-cache/cmd/gws-cache/main.go:265.21,267.5 1 1
gws-cache/cmd/gws-cache/main.go:269.4,271.18 3 1
gws-cache/cmd/gws-cache/main.go:271.18,273.5 1 0
gws-cache/cmd/gws-cache/main.go:275.4,275.24 1 1
gws-cache/cmd/gws-cache/main.go:275.24,278.5 2 1
gws-cache/cmd/gws-cache/main.go:280.4,280.24 1 1
gws-cache/cmd/gws-cache/main.go:280.24,284.5 3 1
gws-cache/cmd/gws-cache/main.go:286.4,287.29 2 1
gws-cache/cmd/gws-cache/main.go:287.29,289.20 2 1
gws-cache/cmd/gws-cache/main.go:289.20,291.6 1 0
gws-cache/cmd/gws-cache/main.go:292.5,298.6 1 1
gws-cache/cmd/gws-cache/main.go:300.4,300.14 1 1
gws-cache/cmd/gws-cache/main.go:304.2,309.15 5 1
gws-cache/cmd/gws-cache/main.go:312.34,320.55 4 1
gws-cache/cmd/gws-cache/main.go:320.55,322.18 2 1
gws-cache/cmd/gws-cache/main.go:322.18,324.5 1 0
gws-cache/cmd/gws-cache/main.go:325.4,329.53 4 1
gws-cache/cmd/gws-cache/main.go:329.53,331.5 1 1
gws-cache/cmd/gws-cache/main.go:333.4,338.18 2 1
gws-cache/cmd/gws-cache/main.go:338.18,340.5 1 0
gws-cache/cmd/gws-cache/main.go:342.4,343.14 2 1
gws-cache/cmd/gws-cache/main.go:347.2,350.12 4 1
gws-cache/cmd/gws-cache/main.go:353.36,363.55 5 1
gws-cache/cmd/gws-cache/main.go:363.55,365.18 2 1
gws-cache/cmd/gws-cache/main.go:365.18,367.5 1 0
gws-cache/cmd/gws-cache/main.go:368.4,374.21 5 1
gws-cache/cmd/gws-cache/main.go:374.21,376.5 1 1
gws-cache/cmd/gws-cache/main.go:378.4,384.18 2 1
gws-cache/cmd/gws-cache/main.go:384.18,386.5 1 0
gws-cache/cmd/gws-cache/main.go:388.4,388.22 1 1
gws-cache/cmd/gws-cache/main.go:388.22,391.5 2 1
gws-cache/cmd/gws-cache/main.go:393.4,393.24 1 1
gws-cache/cmd/gws-cache/main.go:393.24,397.5 3 1
gws-cache/cmd/gws-cache/main.go:399.4,400.27 2 1
gws-cache/cmd/gws-cache/main.go:400.27,402.21 2 1
gws-cache/cmd/gws-cache/main.go:402.21,404.6 1 1
gws-cache/cmd/gws-cache/main.go:405.5,405.129 1 1
gws-cache/cmd/gws-cache/main.go:407.4,407.14 1 1
gws-cache/cmd/gws-cache/main.go:411.2,415.12 5 1
gws-cache/cmd/gws-cache/main.go:418.36,427.55 4 1
gws-cache/cmd/gws-cache/main.go:427.55,429.18 2 1
gws-cache/cmd/gws-cache/main.go:429.18,431.5 1 0
gws-cache/cmd/gws-cache/main.go:432.4,441.18 5 1
gws-cache/cmd/gws-cache/main.go:441.18,443.5 1 1
gws-cache/cmd/gws-cache/main.go:445.4,446.14 2 1
gws-cache/cmd/gws-cache/main.go:450.2,453.12 4 1
gws-cache/cmd/gws-cache/main.go:456.36,460.55 1 1
gws-cache/cmd/gws-cache/main.go:460.55,462.18 2 1
gws-cache/cmd/gws-cache/main.go:462.18,464.5 1 0
gws-cache/cmd/gws-cache/main.go:465.4,468.18 3 1
gws-cache/cmd/gws-cache/main.go:468.18,470.5 1 0
gws-cache/cmd/gws-cache/main.go:472.4,476.14 5 1
gws-cache/cmd/gws-cache/main.go:481.41,482.18 1 1
gws-cache/cmd/gws-cache/main.go:482.18,484.3 1 1
gws-cache/cmd/gws-cache/main.go:485.2,485.10 1 1
gws-cache/cmd/gws-cache/main.go:488.13,489.47 1 0
gws-cache/cmd/gws-cache/main.go:489.47,491.3 1 0
