mode: set
gws-cache/pkg/store/db.go:15.29,17.16 2 1
gws-cache/pkg/store/db.go:17.16,20.3 2 1
gws-cache/pkg/store/db.go:21.2,21.41 1 0
gws-cache/pkg/store/db.go:85.39,86.18 1 1
gws-cache/pkg/store/db.go:86.18,88.3 1 0
gws-cache/pkg/store/db.go:90.2,91.47 2 1
gws-cache/pkg/store/db.go:91.47,93.3 1 1
gws-cache/pkg/store/db.go:95.2,96.16 2 1
gws-cache/pkg/store/db.go:96.16,98.3 1 0
gws-cache/pkg/store/db.go:100.2,103.33 3 1
gws-cache/pkg/store/db.go:103.33,106.3 2 0
gws-cache/pkg/store/db.go:108.2,108.15 1 1
gws-cache/pkg/store/db.go:111.28,113.2 1 1
gws-cache/pkg/store/db.go:115.27,121.28 2 1
gws-cache/pkg/store/db.go:121.28,122.41 1 1
gws-cache/pkg/store/db.go:122.41,124.4 1 0
gws-cache/pkg/store/db.go:127.2,218.45 2 1
gws-cache/pkg/store/db.go:218.45,220.3 1 0
gws-cache/pkg/store/db.go:223.2,228.12 2 1
gws-cache/pkg/store/db.go:231.77,234.16 3 1
gws-cache/pkg/store/db.go:234.16,236.3 1 1
gws-cache/pkg/store/db.go:237.2,237.23 1 1
gws-cache/pkg/store/db.go:240.58,242.22 2 1
gws-cache/pkg/store/db.go:242.22,244.3 1 1
gws-cache/pkg/store/db.go:246.2,270.16 2 1
gws-cache/pkg/store/db.go:270.16,272.3 1 1
gws-cache/pkg/store/db.go:273.2,273.12 1 1
gws-cache/pkg/store/db.go:276.82,285.16 4 1
gws-cache/pkg/store/db.go:285.16,286.27 1 1
gws-cache/pkg/store/db.go:286.27,288.4 1 1
gws-cache/pkg/store/db.go:289.3,289.84 1 1
gws-cache/pkg/store/db.go:291.2,291.16 1 1
gws-cache/pkg/store/db.go:294.67,304.16 2 1
gws-cache/pkg/store/db.go:304.16,306.3 1 1
gws-cache/pkg/store/db.go:307.2,307.12 1 1
gws-cache/pkg/store/db.go:310.104,321.22 4 1
gws-cache/pkg/store/db.go:321.22,324.3 2 1
gws-cache/pkg/store/db.go:326.2,326.21 1 1
gws-cache/pkg/store/db.go:326.21,329.3 2 1
gws-cache/pkg/store/db.go:331.2,331.18 1 1
gws-cache/pkg/store/db.go:331.18,335.3 3 1
gws-cache/pkg/store/db.go:337.2,337.20 1 1
gws-cache/pkg/store/db.go:337.20,339.3 1 1
gws-cache/pkg/store/db.go:341.2,344.16 3 1
gws-cache/pkg/store/db.go:344.16,346.3 1 1
gws-cache/pkg/store/db.go:347.2,350.18 3 1
gws-cache/pkg/store/db.go:350.18,359.17 4 1
gws-cache/pkg/store/db.go:359.17,361.4 1 0
gws-cache/pkg/store/db.go:362.3,362.18 1 1
gws-cache/pkg/store/db.go:362.18,365.4 2 1
gws-cache/pkg/store/db.go:366.3,366.29 1 1
gws-cache/pkg/store/db.go:369.2,369.27 1 1
gws-cache/pkg/store/db.go:372.75,373.23 1 1
gws-cache/pkg/store/db.go:373.23,375.3 1 1
gws-cache/pkg/store/db.go:377.2,381.16 2 1
gws-cache/pkg/store/db.go:381.16,383.3 1 1
gws-cache/pkg/store/db.go:385.2,386.16 2 1
gws-cache/pkg/store/db.go:386.16,388.3 1 0
gws-cache/pkg/store/db.go:390.2,391.16 2 1
gws-cache/pkg/store/db.go:391.16,393.3 1 0
gws-cache/pkg/store/db.go:395.2,400.31 2 1
gws-cache/pkg/store/db.go:403.58,417.16 5 1
gws-cache/pkg/store/db.go:417.16,418.27 1 1
gws-cache/pkg/store/db.go:418.27,420.4 1 1
gws-cache/pkg/store/db.go:421.3,421.61 1 0
gws-cache/pkg/store/db.go:424.2,424.22 1 1
gws-cache/pkg/store/db.go:424.22,426.3 1 0
gws-cache/pkg/store/db.go:428.2,428.15 1 1
gws-cache/pkg/store/db.go:431.44,438.16 2 1
gws-cache/pkg/store/db.go:438.16,440.3 1 1
gws-cache/pkg/store/db.go:441.2,444.18 3 1
gws-cache/pkg/store/db.go:444.18,450.17 3 1
gws-cache/pkg/store/db.go:450.17,452.4 1 0
gws-cache/pkg/store/db.go:453.3,453.23 1 1
gws-cache/pkg/store/db.go:453.23,455.4 1 0
gws-cache/pkg/store/db.go:456.3,456.29 1 1
gws-cache/pkg/store/db.go:459.2,459.27 1 1
gws-cache/pkg/store/db.go:462.45,464.16 2 1
gws-cache/pkg/store/db.go:464.16,466.3 1 1
gws-cache/pkg/store/db.go:467.2,468.19 2 1
gws-cache/pkg/store/db.go:468.19,470.3 1 1
gws-cache/pkg/store/db.go:471.2,471.12 1 1
gws-cache/pkg/store/db.go:474.64,479.16 2 1
gws-cache/pkg/store/db.go:479.16,481.3 1 1
gws-cache/pkg/store/db.go:482.2,482.12 1 1
gws-cache/pkg/store/db.go:485.59,487.16 2 1
gws-cache/pkg/store/db.go:487.16,489.3 1 1
gws-cache/pkg/store/db.go:490.2,493.18 3 1
gws-cache/pkg/store/db.go:493.18,495.39 2 1
gws-cache/pkg/store/db.go:495.39,497.4 1 0
gws-cache/pkg/store/db.go:498.3,498.31 1 1
gws-cache/pkg/store/db.go:500.2,500.28 1 1
gws-cache/pkg/store/db.go:503.92,513.16 2 1
gws-cache/pkg/store/db.go:513.16,515.3 1 1
gws-cache/pkg/store/db.go:516.2,516.12 1 1
gws-cache/pkg/store/db.go:519.46,542.16 2 1
gws-cache/pkg/store/db.go:542.16,544.3 1 1
gws-cache/pkg/store/db.go:545.2,545.12 1 1
gws-cache/pkg/store/db.go:548.102,557.16 2 1
gws-cache/pkg/store/db.go:557.16,559.3 1 1
gws-cache/pkg/store/db.go:560.2,560.12 1 1
gws-cache/pkg/store/db.go:563.100,571.15 2 1
gws-cache/pkg/store/db.go:571.15,573.3 1 1
gws-cache/pkg/store/db.go:574.2,574.18 1 1
gws-cache/pkg/store/db.go:574.18,576.3 1 1
gws-cache/pkg/store/db.go:577.2,580.16 3 1
gws-cache/pkg/store/db.go:580.16,582.3 1 1
gws-cache/pkg/store/db.go:583.2,586.18 3 1
gws-cache/pkg/store/db.go:586.18,593.17 3 1
gws-cache/pkg/store/db.go:593.17,595.4 1 0
gws-cache/pkg/store/db.go:596.3,596.25 1 1
gws-cache/pkg/store/db.go:599.2,599.25 1 1
gws-cache/pkg/store/db.go:602.107,612.21 4 1
gws-cache/pkg/store/db.go:612.21,615.3 2 1
gws-cache/pkg/store/db.go:617.2,617.19 1 1
gws-cache/pkg/store/db.go:617.19,621.3 3 1
gws-cache/pkg/store/db.go:623.2,623.15 1 1
gws-cache/pkg/store/db.go:623.15,625.3 1 1
gws-cache/pkg/store/db.go:627.2,627.18 1 1
gws-cache/pkg/store/db.go:627.18,630.3 2 1
gws-cache/pkg/store/db.go:632.2,632.20 1 1
gws-cache/pkg/store/db.go:632.20,634.3 1 1
gws-cache/pkg/store/db.go:636.2,639.16 3 1
gws-cache/pkg/store/db.go:639.16,641.3 1 1
gws-cache/pkg/store/db.go:642.2,645.18 3 1
gws-cache/pkg/store/db.go:645.18,652.17 3 1
gws-cache/pkg/store/db.go:652.17,654.4 1 0
gws-cache/pkg/store/db.go:655.3,655.25 1 1
gws-cache/pkg/store/db.go:658.2,658.25 1 1
gws-cache/pkg/store/db.go:661.57,666.16 2 1
gws-cache/pkg/store/db.go:666.16,668.3 1 1
gws-cache/pkg/store/db.go:669.2,669.27 1 1
gws-cache/pkg/store/db.go:672.131,683.16 2 1
gws-cache/pkg/store/db.go:683.16,685.3 1 1
gws-cache/pkg/store/db.go:686.2,686.12 1 1
gws-cache/pkg/store/db.go:689.45,691.97 2 1
gws-cache/pkg/store/db.go:691.97,693.3 1 1
gws-cache/pkg/store/db.go:694.2,694.85 1 1
gws-cache/pkg/store/db.go:694.85,696.3 1 0
gws-cache/pkg/store/db.go:697.2,697.87 1 1
gws-cache/pkg/store/db.go:697.87,699.3 1 0
gws-cache/pkg/store/db.go:700.2,700.39 1 1
