mode: set
gws-cache/pkg/sync/engine.go:19.53,23.46 1 1
gws-cache/pkg/sync/engine.go:23.47,25.4 0 1
gws-cache/pkg/sync/engine.go:43.80,45.16 2 1
gws-cache/pkg/sync/engine.go:45.16,47.17 2 1
gws-cache/pkg/sync/engine.go:47.17,49.4 1 0
gws-cache/pkg/sync/engine.go:52.2,53.16 2 1
gws-cache/pkg/sync/engine.go:53.16,55.3 1 0
gws-cache/pkg/sync/engine.go:57.2,58.20 2 1
gws-cache/pkg/sync/engine.go:58.20,61.17 3 1
gws-cache/pkg/sync/engine.go:61.17,65.4 3 1
gws-cache/pkg/sync/engine.go:66.3,67.22 2 1
gws-cache/pkg/sync/engine.go:70.2,71.17 2 1
gws-cache/pkg/sync/engine.go:74.87,76.37 2 1
gws-cache/pkg/sync/engine.go:76.37,77.22 1 0
gws-cache/pkg/sync/engine.go:77.22,79.4 1 0
gws-cache/pkg/sync/engine.go:79.9,81.4 1 0
gws-cache/pkg/sync/engine.go:84.2,89.21 3 1
gws-cache/pkg/sync/engine.go:89.21,91.3 1 1
gws-cache/pkg/sync/engine.go:93.2,94.83 2 1
gws-cache/pkg/sync/engine.go:94.83,97.3 1 1
gws-cache/pkg/sync/engine.go:97.8,97.29 1 1
gws-cache/pkg/sync/engine.go:97.29,99.17 2 1
gws-cache/pkg/sync/engine.go:99.17,101.4 1 1
gws-cache/pkg/sync/engine.go:102.3,102.19 1 1
gws-cache/pkg/sync/engine.go:105.2,108.28 3 1
gws-cache/pkg/sync/engine.go:108.28,110.20 2 1
gws-cache/pkg/sync/engine.go:110.20,113.4 2 1
gws-cache/pkg/sync/engine.go:115.3,117.17 3 1
gws-cache/pkg/sync/engine.go:117.17,119.4 1 1
gws-cache/pkg/sync/engine.go:121.3,121.29 1 1
gws-cache/pkg/sync/engine.go:121.29,122.28 1 1
gws-cache/pkg/sync/engine.go:122.28,125.5 2 1
gws-cache/pkg/sync/engine.go:129.2,129.34 1 1
gws-cache/pkg/sync/engine.go:129.34,132.3 2 1
gws-cache/pkg/sync/engine.go:134.2,140.38 5 1
gws-cache/pkg/sync/engine.go:140.38,143.29 2 1
gws-cache/pkg/sync/engine.go:143.29,145.12 2 1
gws-cache/pkg/sync/engine.go:148.3,149.17 2 1
gws-cache/pkg/sync/engine.go:149.17,151.12 2 1
gws-cache/pkg/sync/engine.go:154.3,155.16 2 1
gws-cache/pkg/sync/engine.go:155.16,157.4 1 0
gws-cache/pkg/sync/engine.go:159.3,159.25 1 1
gws-cache/pkg/sync/engine.go:159.25,161.4 1 1
gws-cache/pkg/sync/engine.go:163.3,163.94 1 1
gws-cache/pkg/sync/engine.go:163.94,165.4 1 0
gws-cache/pkg/sync/engine.go:167.3,167.43 1 1
gws-cache/pkg/sync/engine.go:167.43,169.38 2 1
gws-cache/pkg/sync/engine.go:169.38,171.5 1 1
gws-cache/pkg/sync/engine.go:173.4,174.21 2 1
gws-cache/pkg/sync/engine.go:174.21,176.5 1 1
gws-cache/pkg/sync/engine.go:177.4,203.59 9 1
gws-cache/pkg/sync/engine.go:203.59,205.5 1 0
gws-cache/pkg/sync/engine.go:206.4,206.26 1 1
gws-cache/pkg/sync/engine.go:209.3,209.116 1 1
gws-cache/pkg/sync/engine.go:212.2,215.17 3 1
gws-cache/pkg/sync/engine.go:218.72,220.16 2 1
gws-cache/pkg/sync/engine.go:220.16,222.3 1 0
gws-cache/pkg/sync/engine.go:224.2,225.29 2 1
gws-cache/pkg/sync/engine.go:225.29,227.17 2 1
gws-cache/pkg/sync/engine.go:227.17,230.41 3 1
gws-cache/pkg/sync/engine.go:230.41,232.5 1 1
gws-cache/pkg/sync/engine.go:233.4,236.6 1 1
gws-cache/pkg/sync/engine.go:237.9,237.24 1 1
gws-cache/pkg/sync/engine.go:237.24,239.4 1 1
gws-cache/pkg/sync/engine.go:242.2,242.21 1 1
gws-cache/pkg/sync/engine.go:246.46,247.35 1 1
gws-cache/pkg/sync/engine.go:247.35,249.3 1 1
gws-cache/pkg/sync/engine.go:251.2,254.59 2 1
gws-cache/pkg/sync/engine.go:254.59,256.3 1 1
gws-cache/pkg/sync/engine.go:259.2,262.16 4 1
gws-cache/pkg/sync/engine.go:262.16,264.3 1 1
gws-cache/pkg/sync/engine.go:266.2,267.14 2 1
gws-cache/pkg/sync/engine.go:268.11,269.37 1 1
gws-cache/pkg/sync/engine.go:270.11,271.42 1 1
gws-cache/pkg/sync/engine.go:272.11,273.46 1 1
gws-cache/pkg/sync/engine.go:274.11,275.47 1 1
gws-cache/pkg/sync/engine.go:276.11,277.48 1 1
gws-cache/pkg/sync/engine.go:278.10,279.78 1 1
gws-cache/pkg/sync/engine.go:282.2,282.38 1 1
gws-cache/pkg/sync/engine.go:285.58,286.22 1 1
gws-cache/pkg/sync/engine.go:286.22,288.3 1 1
gws-cache/pkg/sync/engine.go:289.2,290.16 2 1
gws-cache/pkg/sync/engine.go:290.16,292.3 1 1
gws-cache/pkg/sync/engine.go:293.2,293.46 1 1
gws-cache/pkg/sync/engine.go:296.49,297.16 1 1
gws-cache/pkg/sync/engine.go:297.16,299.3 1 1
gws-cache/pkg/sync/engine.go:300.2,300.44 1 1
gws-cache/pkg/sync/engine.go:300.44,301.41 1 1
gws-cache/pkg/sync/engine.go:301.41,302.41 1 1
gws-cache/pkg/sync/engine.go:302.41,304.5 1 1
gws-cache/pkg/sync/engine.go:305.4,305.18 1 1
gws-cache/pkg/sync/engine.go:305.18,310.5 4 1
gws-cache/pkg/sync/engine.go:313.2,313.17 1 1
gws-cache/pkg/sync/engine.go:316.34,318.73 2 1
gws-cache/pkg/sync/engine.go:318.73,320.3 1 1
gws-cache/pkg/sync/engine.go:321.2,321.10 1 1
gws-cache/pkg/sync/engine.go:324.33,326.62 2 1
gws-cache/pkg/sync/engine.go:326.62,328.3 1 0
gws-cache/pkg/sync/engine.go:329.2,330.59 2 1
gws-cache/pkg/sync/engine.go:330.59,332.3 1 1
gws-cache/pkg/sync/engine.go:333.2,333.21 1 1
